../Drivers/STM32WLxx_HAL_Driver/Inc/stm32wlxx_ll_rcc.h:2169:26:LL_RCC_GetUSARTClockSource	16	static
../Drivers/STM32WLxx_HAL_Driver/Src/stm32wlxx_hal_irda.c:328:19:HAL_IRDA_Init	16	static
../Drivers/STM32WLxx_HAL_Driver/Src/stm32wlxx_hal_irda.c:393:19:HAL_IRDA_DeInit	16	static
../Drivers/STM32WLxx_HAL_Driver/Src/stm32wlxx_hal_irda.c:436:13:HAL_IRDA_MspInit	16	static
../Drivers/STM32WLxx_HAL_Driver/Src/stm32wlxx_hal_irda.c:452:13:HAL_IRDA_MspDeInit	16	static
../Drivers/STM32WLxx_HAL_Driver/Src/stm32wlxx_hal_irda.c:812:19:HAL_IRDA_Transmit	48	static
../Drivers/STM32WLxx_HAL_Driver/Src/stm32wlxx_hal_irda.c:922:19:HAL_IRDA_Receive	48	static
../Drivers/STM32WLxx_HAL_Driver/Src/stm32wlxx_hal_irda.c:1033:19:HAL_IRDA_Transmit_IT	24	static
../Drivers/STM32WLxx_HAL_Driver/Src/stm32wlxx_hal_irda.c:1099:19:HAL_IRDA_Receive_IT	24	static
../Drivers/STM32WLxx_HAL_Driver/Src/stm32wlxx_hal_irda.c:1180:19:HAL_IRDA_Transmit_DMA	24	static
../Drivers/STM32WLxx_HAL_Driver/Src/stm32wlxx_hal_irda.c:1281:19:HAL_IRDA_Receive_DMA	24	static
../Drivers/STM32WLxx_HAL_Driver/Src/stm32wlxx_hal_irda.c:1373:19:HAL_IRDA_DMAPause	16	static
../Drivers/STM32WLxx_HAL_Driver/Src/stm32wlxx_hal_irda.c:1411:19:HAL_IRDA_DMAResume	16	static
../Drivers/STM32WLxx_HAL_Driver/Src/stm32wlxx_hal_irda.c:1449:19:HAL_IRDA_DMAStop	16	static
../Drivers/STM32WLxx_HAL_Driver/Src/stm32wlxx_hal_irda.c:1526:19:HAL_IRDA_Abort	16	static
../Drivers/STM32WLxx_HAL_Driver/Src/stm32wlxx_hal_irda.c:1613:19:HAL_IRDA_AbortTransmit	16	static
../Drivers/STM32WLxx_HAL_Driver/Src/stm32wlxx_hal_irda.c:1665:19:HAL_IRDA_AbortReceive	16	static
../Drivers/STM32WLxx_HAL_Driver/Src/stm32wlxx_hal_irda.c:1723:19:HAL_IRDA_Abort_IT	24	static
../Drivers/STM32WLxx_HAL_Driver/Src/stm32wlxx_hal_irda.c:1856:19:HAL_IRDA_AbortTransmit_IT	16	static
../Drivers/STM32WLxx_HAL_Driver/Src/stm32wlxx_hal_irda.c:1934:19:HAL_IRDA_AbortReceive_IT	16	static
../Drivers/STM32WLxx_HAL_Driver/Src/stm32wlxx_hal_irda.c:2010:6:HAL_IRDA_IRQHandler	40	static
../Drivers/STM32WLxx_HAL_Driver/Src/stm32wlxx_hal_irda.c:2170:13:HAL_IRDA_TxCpltCallback	16	static
../Drivers/STM32WLxx_HAL_Driver/Src/stm32wlxx_hal_irda.c:2186:13:HAL_IRDA_TxHalfCpltCallback	16	static
../Drivers/STM32WLxx_HAL_Driver/Src/stm32wlxx_hal_irda.c:2202:13:HAL_IRDA_RxCpltCallback	16	static
../Drivers/STM32WLxx_HAL_Driver/Src/stm32wlxx_hal_irda.c:2218:13:HAL_IRDA_RxHalfCpltCallback	16	static
../Drivers/STM32WLxx_HAL_Driver/Src/stm32wlxx_hal_irda.c:2234:13:HAL_IRDA_ErrorCallback	16	static
../Drivers/STM32WLxx_HAL_Driver/Src/stm32wlxx_hal_irda.c:2250:13:HAL_IRDA_AbortCpltCallback	16	static
../Drivers/STM32WLxx_HAL_Driver/Src/stm32wlxx_hal_irda.c:2266:13:HAL_IRDA_AbortTransmitCpltCallback	16	static
../Drivers/STM32WLxx_HAL_Driver/Src/stm32wlxx_hal_irda.c:2282:13:HAL_IRDA_AbortReceiveCpltCallback	16	static
../Drivers/STM32WLxx_HAL_Driver/Src/stm32wlxx_hal_irda.c:2321:23:HAL_IRDA_GetState	24	static
../Drivers/STM32WLxx_HAL_Driver/Src/stm32wlxx_hal_irda.c:2338:10:HAL_IRDA_GetError	16	static
../Drivers/STM32WLxx_HAL_Driver/Src/stm32wlxx_hal_irda.c:2382:26:IRDA_SetConfig	32	static
../Drivers/STM32WLxx_HAL_Driver/Src/stm32wlxx_hal_irda.c:2466:26:IRDA_CheckIdleState	32	static
../Drivers/STM32WLxx_HAL_Driver/Src/stm32wlxx_hal_irda.c:2518:26:IRDA_WaitOnFlagUntilTimeout	24	static
../Drivers/STM32WLxx_HAL_Driver/Src/stm32wlxx_hal_irda.c:2553:13:IRDA_EndTxTransfer	16	static
../Drivers/STM32WLxx_HAL_Driver/Src/stm32wlxx_hal_irda.c:2569:13:IRDA_EndRxTransfer	16	static
../Drivers/STM32WLxx_HAL_Driver/Src/stm32wlxx_hal_irda.c:2586:13:IRDA_DMATransmitCplt	24	static
../Drivers/STM32WLxx_HAL_Driver/Src/stm32wlxx_hal_irda.c:2622:13:IRDA_DMATransmitHalfCplt	24	static
../Drivers/STM32WLxx_HAL_Driver/Src/stm32wlxx_hal_irda.c:2641:13:IRDA_DMAReceiveCplt	24	static
../Drivers/STM32WLxx_HAL_Driver/Src/stm32wlxx_hal_irda.c:2677:13:IRDA_DMAReceiveHalfCplt	24	static
../Drivers/STM32WLxx_HAL_Driver/Src/stm32wlxx_hal_irda.c:2696:13:IRDA_DMAError	24	static
../Drivers/STM32WLxx_HAL_Driver/Src/stm32wlxx_hal_irda.c:2736:13:IRDA_DMAAbortOnError	24	static
../Drivers/STM32WLxx_HAL_Driver/Src/stm32wlxx_hal_irda.c:2759:13:IRDA_DMATxAbortCallback	24	static
../Drivers/STM32WLxx_HAL_Driver/Src/stm32wlxx_hal_irda.c:2807:13:IRDA_DMARxAbortCallback	24	static
../Drivers/STM32WLxx_HAL_Driver/Src/stm32wlxx_hal_irda.c:2855:13:IRDA_DMATxOnlyAbortCallback	24	static
../Drivers/STM32WLxx_HAL_Driver/Src/stm32wlxx_hal_irda.c:2882:13:IRDA_DMARxOnlyAbortCallback	24	static
../Drivers/STM32WLxx_HAL_Driver/Src/stm32wlxx_hal_irda.c:2912:13:IRDA_Transmit_IT	24	static
../Drivers/STM32WLxx_HAL_Driver/Src/stm32wlxx_hal_irda.c:2951:13:IRDA_EndTransmit_IT	16	static
../Drivers/STM32WLxx_HAL_Driver/Src/stm32wlxx_hal_irda.c:2976:13:IRDA_Receive_IT	24	static
