../Core/Src/stm32wlxx_it.c:74:6:NMI_Handler	4	static
../Core/Src/stm32wlxx_it.c:89:6:HardFault_Handler	4	static
../Core/Src/stm32wlxx_it.c:104:6:MemManage_Handler	4	static
../Core/Src/stm32wlxx_it.c:119:6:BusFault_Handler	4	static
../Core/Src/stm32wlxx_it.c:134:6:UsageFault_Handler	4	static
../Core/Src/stm32wlxx_it.c:149:6:SVC_Handler	4	static
../Core/Src/stm32wlxx_it.c:162:6:DebugMon_Handler	4	static
../Core/Src/stm32wlxx_it.c:175:6:PendSV_Handler	4	static
../Core/Src/stm32wlxx_it.c:188:6:SysTick_Handler	4	static
../Core/Src/stm32wlxx_it.c:208:6:TAMP_STAMP_LSECSS_SSRU_IRQHandler	8	static
../Core/Src/stm32wlxx_it.c:222:6:DMA1_Channel1_IRQHandler	8	static
../Core/Src/stm32wlxx_it.c:236:6:DMA1_Channel2_IRQHandler	8	static
../Core/Src/stm32wlxx_it.c:250:6:USART1_IRQHandler	8	static
../Core/Src/stm32wlxx_it.c:264:6:USART2_IRQHandler	8	static
../Core/Src/stm32wlxx_it.c:278:6:EXTI15_10_IRQHandler	8	static
../Core/Src/stm32wlxx_it.c:292:6:RTC_Alarm_IRQHandler	8	static
../Core/Src/stm32wlxx_it.c:306:6:SUBGHZ_Radio_IRQHandler	8	static
../Core/Src/stm32wlxx_it.c:320:6:DMAMUX1_OVR_IRQHandler	8	static
